<?php
/**
 * Copyright Â© Magento, Inc. All rights reserved.
 * See COPYING.txt for license details.
 */
?>
<!-- Upgrade file changes get patched here!-->
<?= $block->getChildHtml() ?>
<p>We have overridden this file</p>
