+--------------------------+------------------------------------------------------------------------------------------------------------------------------------+------------------------------------------------------------------------------------------------------------------------------------+
| Type                     | Core                                                                                                                               | To Check                                                                                                                           |
+--------------------------+------------------------------------------------------------------------------------------------------------------------------------+------------------------------------------------------------------------------------------------------------------------------------+
| Override (phtml/js/html) | vendor/ampersand/upgrade-patch-helper-test-module/src/module/view/frontend/templates/checkout/something.phtml                      | app/design/frontend/Ampersand/theme/Ampersand_TestVendor/templates/checkout/something.phtml                                        |
| Override (phtml/js/html) | vendor/magento/module-catalog-widget/view/frontend/templates/product/widget/content/grid.phtml                                     | app/design/frontend/Ampersand/theme/Magento_CatalogWidget/templates/product/widget/content/grid.phtml                              |
| Override (phtml/js/html) | vendor/magento/module-catalog/view/frontend/layout/catalog_category_view.xml                                                       | app/design/frontend/Ampersand/theme/Magento_Catalog/layout/catalog_category_view.xml                                               |
| Override (phtml/js/html) | vendor/magento/module-checkout/view/frontend/templates/cart/form.phtml                                                             | app/design/frontend/Ampersand/theme/Magento_Checkout/templates/cart/form.phtml                                                     |
| Override (phtml/js/html) | vendor/magento/module-checkout/view/frontend/templates/cart/form.phtml                                                             | vendor/ampersand/upgrade-patch-helper-test-module/src/theme/Magento_Checkout/templates/cart/form.phtml                             |
| Override (phtml/js/html) | vendor/magento/module-checkout/view/frontend/web/js/model/place-order.js                                                           | app/design/frontend/Ampersand/theme/Magento_Checkout/web/js/model/place-order.js                                                   |
| Override (phtml/js/html) | vendor/magento/module-checkout/view/frontend/web/template/summary/item/details.html                                                | app/design/frontend/Ampersand/theme/Magento_Checkout/web/template/summary/item/details.html                                        |
| Override (phtml/js/html) | vendor/magento/module-customer/view/frontend/email/password_reset_confirmation.html                                                | app/design/frontend/Ampersand/theme/Magento_Customer/email/password_reset_confirmation.html                                        |
| Override (phtml/js/html) | vendor/magento/module-customer/view/frontend/templates/account/dashboard/info.phtml                                                | app/design/frontend/Ampersand/theme/Magento_Customer/templates/account/dashboard/info.phtml                                        |
| Override (phtml/js/html) | vendor/magento/module-sales/view/frontend/layout/sales_order_print.xml                                                             | app/design/frontend/Ampersand/theme/Magento_Sales/layout/sales_order_print.xml                                                     |
| Override (phtml/js/html) | vendor/magento/module-ui/view/base/web/templates/grid/masonry.html                                                                 | app/design/frontend/Ampersand/theme/Magento_Ui/web/templates/grid/masonry.html                                                     |
| Override (phtml/js/html) | vendor/magento/module-vault/view/frontend/web/js/view/payment/method-renderer/vault.js                                             | app/design/frontend/Ampersand/theme/Magento_Vault/web/js/view/payment/method-renderer/vault.js                                     |
| Override (phtml/js/html) | vendor/paypal/module-braintree-core/view/base/web/js/form-builder.js                                                               | vendor/paypal/module-braintree-core/view/frontend/web/js/form-builder.js                                                           |
| Plugin                   | vendor/magento/framework/Stdlib/Cookie/PhpCookieManager.php                                                                        | Ampersand\Test\Plugin\PhpCookieManager::beforeSetPublicCookie                                                                      |
| Plugin                   | vendor/magento/module-adobe-ims/Model/UserProfile.php                                                                              | Ampersand\Test\Plugin\AdobeImsUserProfile::afterGetUpdatedAt                                                                       |
| Plugin                   | vendor/magento/module-adobe-ims/Model/UserProfile.php                                                                              | Ampersand\Test\Plugin\AdobeImsUserProfile::aroundGetUpdatedAt                                                                      |
| Plugin                   | vendor/magento/module-adobe-ims/Model/UserProfile.php                                                                              | Ampersand\Test\Plugin\AdobeImsUserProfile::beforeGetUpdatedAt                                                                      |
| Plugin                   | vendor/magento/module-adobe-ims/Model/UserProfile.php                                                                              | Ampersand\Test\Plugin\AdobeImsUserProfileVirtual::afterGetUpdatedAt                                                                |
| Plugin                   | vendor/magento/module-adobe-ims/Model/UserProfile.php                                                                              | Ampersand\Test\Plugin\AdobeImsUserProfileVirtual::aroundGetUpdatedAt                                                               |
| Plugin                   | vendor/magento/module-adobe-ims/Model/UserProfile.php                                                                              | Ampersand\Test\Plugin\AdobeImsUserProfileVirtual::beforeGetUpdatedAt                                                               |
| Preference               | vendor/ampersand/upgrade-patch-helper-test-module/src/module/Api/ExampleInterface.php                                              | Ampersand\Test\Model\Example                                                                                                       |
| Preference               | vendor/ampersand/upgrade-patch-helper-test-module/src/module/Model/SomeClass.php                                                   | Ampersand\Test\Model\ThirdPartyClass                                                                                               |
| Preference               | vendor/magento/framework/Locale/Format.php                                                                                         | Ampersand\Test\Model\Locale\Format                                                                                                 |
| Preference               | vendor/magento/module-advanced-pricing-import-export/Model/Export/AdvancedPricing.php                                              | Ampersand\Test\Model\Admin\Export\AdvancedPricing                                                                                  |
| Preference               | vendor/magento/module-weee/Model/Total/Quote/Weee.php                                                                              | Ampersand\Test\Model\Admin\Total\Quote\Weee                                                                                        |
| Preference               | vendor/magento/module-weee/Model/Total/Quote/Weee.php                                                                              | Ampersand\Test\Model\Frontend\Total\Quote\Weee                                                                                     |
| Preference               | vendor/magento/module-weee/Model/Total/Quote/Weee.php                                                                              | Ampersand\Test\Model\Total\Quote\Weee                                                                                              |
| Queue consumer added     | vendor/magento/module-inventory-indexer/etc/queue_consumer.xml                                                                     | inventory.indexer.sourceItem                                                                                                       |
| Queue consumer added     | vendor/magento/module-inventory-indexer/etc/queue_consumer.xml                                                                     | inventory.indexer.stock                                                                                                            |
| Queue consumer added     | vendor/magento/module-inventory-indexer/etc/queue_consumer.xml                                                                     | inventory.reservations.updateSalabilityStatus                                                                                      |
| Queue consumer added     | vendor/magento/module-media-content-synchronization/etc/queue_consumer.xml                                                         | media.content.synchronization                                                                                                      |
| Queue consumer added     | vendor/magento/module-media-gallery-renditions/etc/queue_consumer.xml                                                              | media.gallery.renditions.update                                                                                                    |
| Queue consumer added     | vendor/magento/module-media-gallery-synchronization/etc/queue_consumer.xml                                                         | media.gallery.synchronization                                                                                                      |
| Queue consumer added     | vendor/magento/module-media-storage/etc/queue_consumer.xml                                                                         | media.storage.catalog.image.resize                                                                                                 |
| Queue consumer added     | vendor/magento/module-product-alert/etc/queue_consumer.xml                                                                         | product_alert                                                                                                                      |
| Queue consumer added     | vendor/magento/module-sales-rule/etc/queue_consumer.xml                                                                            | sales.rule.quote.trigger.recollect                                                                                                 |
| Queue consumer added     | vendor/magento/module-sales-rule/etc/queue_consumer.xml                                                                            | sales.rule.update.coupon.usage                                                                                                     |
| Queue consumer changed   | vendor/magento/module-catalog/etc/queue_consumer.xml                                                                               | product_action_attribute.update                                                                                                    |
| Queue consumer changed   | vendor/magento/module-catalog/etc/queue_consumer.xml                                                                               | product_action_attribute.website.update                                                                                            |
| Queue consumer changed   | vendor/magento/module-import-export/etc/queue_consumer.xml                                                                         | exportProcessor                                                                                                                    |
| Queue consumer changed   | vendor/magento/module-inventory-catalog/etc/queue_consumer.xml                                                                     | inventory.mass.update                                                                                                              |
| Queue consumer changed   | vendor/magento/module-inventory-catalog/etc/queue_consumer.xml                                                                     | inventory.source.items.cleanup                                                                                                     |
| Queue consumer changed   | vendor/magento/module-inventory-sales/etc/queue_consumer.xml                                                                       | inventory.reservations.cleanup                                                                                                     |
| Queue consumer changed   | vendor/magento/module-inventory-sales/etc/queue_consumer.xml                                                                       | inventory.reservations.update                                                                                                      |
| Queue consumer changed   | vendor/magento/module-sales-rule/etc/queue_consumer.xml                                                                            | codegeneratorProcessor                                                                                                             |
| Queue consumer changed   | vendor/magento/module-webapi-async/etc/queue_consumer.xml                                                                          | async.operations.all                                                                                                               |
+--------------------------+------------------------------------------------------------------------------------------------------------------------------------+------------------------------------------------------------------------------------------------------------------------------------+
Outputting diff commands below
phpstorm diff vendor/ampersand/upgrade-patch-helper-test-module/src/module/Api/ExampleInterface.php app/code/Ampersand/Test/Model/Example.php vendor_orig/ampersand/upgrade-patch-helper-test-module/src/module/Api/ExampleInterface.php
phpstorm diff vendor/ampersand/upgrade-patch-helper-test-module/src/module/Model/SomeClass.php app/code/Ampersand/Test/Model/ThirdPartyClass.php vendor_orig/ampersand/upgrade-patch-helper-test-module/src/module/Model/SomeClass.php
phpstorm diff vendor/ampersand/upgrade-patch-helper-test-module/src/module/view/frontend/templates/checkout/something.phtml app/design/frontend/Ampersand/theme/Ampersand_TestVendor/templates/checkout/something.phtml vendor_orig/ampersand/upgrade-patch-helper-test-module/src/module/view/frontend/templates/checkout/something.phtml
phpstorm diff vendor/magento/framework/Locale/Format.php app/code/Ampersand/Test/Model/Locale/Format.php vendor_orig/magento/framework/Locale/Format.php
phpstorm diff vendor/magento/framework/Stdlib/Cookie/PhpCookieManager.php app/code/Ampersand/Test/Plugin/PhpCookieManager.php vendor_orig/magento/framework/Stdlib/Cookie/PhpCookieManager.php
phpstorm diff vendor/magento/module-adobe-ims/Model/UserProfile.php app/code/Ampersand/Test/Plugin/AdobeImsUserProfile.php vendor_orig/magento/module-adobe-ims/Model/UserProfile.php
phpstorm diff vendor/magento/module-adobe-ims/Model/UserProfile.php app/code/Ampersand/Test/Plugin/AdobeImsUserProfileVirtual.php vendor_orig/magento/module-adobe-ims/Model/UserProfile.php
phpstorm diff vendor/magento/module-advanced-pricing-import-export/Model/Export/AdvancedPricing.php app/code/Ampersand/Test/Model/Admin/Export/AdvancedPricing.php vendor_orig/magento/module-advanced-pricing-import-export/Model/Export/AdvancedPricing.php
phpstorm diff vendor/magento/module-catalog/view/frontend/layout/catalog_category_view.xml app/design/frontend/Ampersand/theme/Magento_Catalog/layout/catalog_category_view.xml vendor_orig/magento/module-catalog/view/frontend/layout/catalog_category_view.xml
phpstorm diff vendor/magento/module-catalog-widget/view/frontend/templates/product/widget/content/grid.phtml app/design/frontend/Ampersand/theme/Magento_CatalogWidget/templates/product/widget/content/grid.phtml vendor_orig/magento/module-catalog-widget/view/frontend/templates/product/widget/content/grid.phtml
phpstorm diff vendor/magento/module-checkout/view/frontend/templates/cart/form.phtml vendor/ampersand/upgrade-patch-helper-test-module/src/theme/Magento_Checkout/templates/cart/form.phtml vendor_orig/magento/module-checkout/view/frontend/templates/cart/form.phtml
phpstorm diff vendor/magento/module-checkout/view/frontend/templates/cart/form.phtml app/design/frontend/Ampersand/theme/Magento_Checkout/templates/cart/form.phtml vendor_orig/magento/module-checkout/view/frontend/templates/cart/form.phtml
phpstorm diff vendor/magento/module-checkout/view/frontend/web/js/model/place-order.js app/design/frontend/Ampersand/theme/Magento_Checkout/web/js/model/place-order.js vendor_orig/magento/module-checkout/view/frontend/web/js/model/place-order.js
phpstorm diff vendor/magento/module-checkout/view/frontend/web/template/summary/item/details.html app/design/frontend/Ampersand/theme/Magento_Checkout/web/template/summary/item/details.html vendor_orig/magento/module-checkout/view/frontend/web/template/summary/item/details.html
phpstorm diff vendor/magento/module-customer/view/frontend/email/password_reset_confirmation.html app/design/frontend/Ampersand/theme/Magento_Customer/email/password_reset_confirmation.html vendor_orig/magento/module-customer/view/frontend/email/password_reset_confirmation.html
phpstorm diff vendor/magento/module-customer/view/frontend/templates/account/dashboard/info.phtml app/design/frontend/Ampersand/theme/Magento_Customer/templates/account/dashboard/info.phtml vendor_orig/magento/module-customer/view/frontend/templates/account/dashboard/info.phtml
phpstorm diff vendor/magento/module-sales/view/frontend/layout/sales_order_print.xml app/design/frontend/Ampersand/theme/Magento_Sales/layout/sales_order_print.xml vendor_orig/magento/module-sales/view/frontend/layout/sales_order_print.xml
phpstorm diff vendor/magento/module-ui/view/base/web/templates/grid/masonry.html app/design/frontend/Ampersand/theme/Magento_Ui/web/templates/grid/masonry.html vendor_orig/magento/module-ui/view/base/web/templates/grid/masonry.html
phpstorm diff vendor/magento/module-vault/view/frontend/web/js/view/payment/method-renderer/vault.js app/design/frontend/Ampersand/theme/Magento_Vault/web/js/view/payment/method-renderer/vault.js vendor_orig/magento/module-vault/view/frontend/web/js/view/payment/method-renderer/vault.js
phpstorm diff vendor/magento/module-weee/Model/Total/Quote/Weee.php app/code/Ampersand/Test/Model/Admin/Total/Quote/Weee.php vendor_orig/magento/module-weee/Model/Total/Quote/Weee.php
phpstorm diff vendor/magento/module-weee/Model/Total/Quote/Weee.php app/code/Ampersand/Test/Model/Frontend/Total/Quote/Weee.php vendor_orig/magento/module-weee/Model/Total/Quote/Weee.php
phpstorm diff vendor/magento/module-weee/Model/Total/Quote/Weee.php app/code/Ampersand/Test/Model/Total/Quote/Weee.php vendor_orig/magento/module-weee/Model/Total/Quote/Weee.php
phpstorm diff vendor/paypal/module-braintree-core/view/base/web/js/form-builder.js vendor/paypal/module-braintree-core/view/frontend/web/js/form-builder.js vendor_orig/paypal/module-braintree-core/view/base/web/js/form-builder.js